// Jest Snapshot v1, https://goo.gl/fbAQLP

exports[`<Logout/> should render logout button with a callback 1`] = `
<View
  accessible={true}
  focusable={true}
  isTVSelectable={true}
  onClick={[Function]}
  onResponderGrant={[Function]}
  onResponderMove={[Function]}
  onResponderRelease={[Function]}
  onResponderTerminate={[Function]}
  onResponderTerminationRequest={[Function]}
  onStartShouldSetResponder={[Function]}
  style={
    Object {
      "marginRight": 10,
      "opacity": 1,
    }
  }
>
  <Text>
    Logout
  </Text>
</View>
`;
